// Vitest Snapshot v1, https://vitest.dev/guide/snapshot.html

exports[`async preprocess ctx.addIssue with parseAsync 1`] = `
$ZodError {
  "issues": [
    {
      "code": "custom",
      "message": "asdf is not one of our allowed strings",
      "path": [],
    },
  ],
}
`;

exports[`preprocess ctx.addIssue with parse 1`] = `
$ZodError {
  "issues": [
    {
      "code": "custom",
      "message": "asdf is not one of our allowed strings",
      "path": [],
    },
  ],
}
`;

exports[`preprocess validates with sibling errors 1`] = `
[
  {
    "code": "invalid_type",
    "expected": "string",
    "message": "Invalid input: expected string",
    "path": [
      "missing",
    ],
  },
  {
    "code": "invalid_format",
    "format": "regex",
    "message": "Invalid string: must match pattern / asdf/",
    "origin": "string",
    "path": [
      "preprocess",
    ],
    "pattern": "/ asdf/",
  },
]
`;
